src/ai/flows/generate-property-description-flow.ts(16,62): error TS1002: Unterminated string literal.
